
netlisting...
net_180_150 ... stub
net_240_150 ... stub
R2 ... stub
net_490_150 ... stub
net_550_150 ... stub
R5 ... stub
