Qacs : Qucs alternative command shell
used for testing only
This is free software, and you are welcome
to redistribute it under the terms of 
the GNU General Public License, version 3 or later.
See the file "COPYING" for details.
misc plugins: wip
legacy plugins: wip
module main();
R #(.R(50 Ohm), .Temp(26.85), .Tc1(0.0), .Tc2(0.0), .Tnom(26.85), .Symbol(european)) R1(_net2, _net1);
VProbe #() Pr1(_net1, gnd);
GND #() *(gnd);
GND #() *(gnd);
Vrect #(.U(1 V), .TH(1 ms), .TL(1 ms), .Tr(1 ns), .Tf(1 ns), .Td(0 ns)) V1(_net2, gnd);
GND #() *(gnd);
C #(.C(1u), .V(), .Symbol(neutral)) C1(_net1, gnd);
//TR1
endmodule // main

... dat item
 TODO qucsator
data from datfile
<var dep Pr1.Vt time>
  0.000000+i*0.000000
  0.864835+i*0.000000
  0.981822+i*0.000000
  0.997556+i*0.000000
  0.999671+i*0.000000
  0.999956+i*0.000000
  0.999994+i*0.000000
  0.999999+i*0.000000
  1.000000+i*0.000000
  1.000000+i*0.000000
  1.000000+i*0.000000
  0.135207+i*0.000000
  0.018280+i*0.000000
  0.002472+i*0.000000
  0.000334+i*0.000000
  0.000045+i*0.000000
  0.000006+i*0.000000
  0.000001+i*0.000000
  0.000000+i*0.000000
  0.000000+i*0.000000
  0.000000+i*0.000000
</var>
<var dep V1.It time>
  0.000000+i*0.000000
  -0.002703+i*0.000000
  -0.000364+i*0.000000
  -0.000049+i*0.000000
  -0.000007+i*0.000000
  -0.000001+i*0.000000
  -0.000000+i*0.000000
  -0.000000+i*0.000000
  -0.000000+i*0.000000
  -0.000000+i*0.000000
  -0.000000+i*0.000000
  0.002704+i*0.000000
  0.000366+i*0.000000
  0.000049+i*0.000000
  0.000007+i*0.000000
  0.000001+i*0.000000
  0.000000+i*0.000000
  0.000000+i*0.000000
  0.000000+i*0.000000
  0.000000+i*0.000000
  0.000000+i*0.000000
</var>
<var dep _net1.Vt time>
  0.000000+i*0.000000
  0.864835+i*0.000000
  0.981822+i*0.000000
  0.997556+i*0.000000
  0.999671+i*0.000000
  0.999956+i*0.000000
  0.999994+i*0.000000
  0.999999+i*0.000000
  1.000000+i*0.000000
  1.000000+i*0.000000
  1.000000+i*0.000000
  0.135207+i*0.000000
  0.018280+i*0.000000
  0.002472+i*0.000000
  0.000334+i*0.000000
  0.000045+i*0.000000
  0.000006+i*0.000000
  0.000001+i*0.000000
  0.000000+i*0.000000
  0.000000+i*0.000000
  0.000000+i*0.000000
</var>
<var dep _net2.Vt time>
  0.000000+i*0.000000
  1.000000+i*0.000000
  1.000000+i*0.000000
  1.000000+i*0.000000
  1.000000+i*0.000000
  1.000000+i*0.000000
  1.000000+i*0.000000
  1.000000+i*0.000000
  1.000000+i*0.000000
  1.000000+i*0.000000
  1.000000+i*0.000000
  0.000000+i*0.000000
  0.000000+i*0.000000
  0.000000+i*0.000000
  0.000000+i*0.000000
  0.000000+i*0.000000
  0.000000+i*0.000000
  0.000000+i*0.000000
  0.000000+i*0.000000
  0.000000+i*0.000000
  0.000000+i*0.000000
</var>
<var indep time 21>
  0.000000+i*0.000000
  0.000100+i*0.000000
  0.000200+i*0.000000
  0.000300+i*0.000000
  0.000400+i*0.000000
  0.000500+i*0.000000
  0.000600+i*0.000000
  0.000700+i*0.000000
  0.000800+i*0.000000
  0.000900+i*0.000000
  0.001000+i*0.000000
  0.001100+i*0.000000
  0.001200+i*0.000000
  0.001300+i*0.000000
  0.001400+i*0.000000
  0.001500+i*0.000000
  0.001600+i*0.000000
  0.001700+i*0.000000
  0.001800+i*0.000000
  0.001900+i*0.000000
  0.002000+i*0.000000
</var>
