Qacs : Qucs alternative command shell
used for testing only
This is free software, and you are welcome
to redistribute it under the terms of 
the GNU General Public License, version 3 or later.
See the file "COPYING" for details.
misc plugins: wip
legacy plugins: wip
module main();
endmodule // main

# sckt protos


# 4
# paramset Sub
# sckt main


# 0
# sckt protos


# 4
# paramset Sub
# sckt main


# 0
